 
To get started, type one of these: helpwin, helpdesk, or demo.
For product information, visit www.mathworks.com.
 
Mesa Torsion MATLAB: 40 nodos
Elementos: 25 shells + 24 frames = 49 total
Carga total aplicada: -353.039 kN (esperado: -353.039 kN)
Solving K*u = F  (ndof_free=216)...
Solved in 0.01 s

=== RECOVERY Mxy: centroide vs Gauss 2x2 (ETABS) ===
  Mxy max centroide (shell_centroid)   : 1.9828 kN*m/m
  Mxy max Gauss+extrapol (shell_gauss) : 2.8232 kN*m/m
  ETABS muestrea en +/-1/sqrt3 = 0.5773502691896258

=== MESA TORSION MATLAB - RESULTADOS ===

DEFLEXION:
  w al nodo ~centro = 12.1123 mm (nodo #26)

SHELL RESULTANTS (extremos por celda):
  Mxx        =    +8.982 kN*m/m    (cell #13, max|·|)
  Myy        =    +8.982 kN*m/m    (cell #13, max|·|)
  Mxy        =    -1.983 kN*m/m    (cell #25, max|·|)
  Mmax       =    +8.982 kN*m/m    (cell #13, max|·|)
  Mmin       =    -4.470 kN*m/m    (cell #3, min)
  Fxx        =    -5.247 kN/m      (cell #21, max|·|)
  Fyy        =    -5.247 kN/m      (cell #1, max|·|)
  V13        =  +677.998 kN/m      (cell #15, max|·|)
  V23        =  +677.998 kN/m      (cell #23, max|·|)
  Vmax       =  +677.998 kN/m      (cell #15, max|·|)
  vonMises   = +5356.675 kPa       (cell #13, max|·|)

FRAME FORCES en COLUMNAS (max abs):
  N (axial)    =  +88.260 kN     (col #1)
  V2 (shear)   =  +20.166 kN     (col #1)
  V3 (shear)   =  -20.166 kN     (col #4)
  T (torsion)  =   -0.000 kN*m   (col #4)
  M2 (bending) =  +26.835 kN*m   (col #4)
  M3 (bending) =  +26.835 kN*m   (col #1)

FRAME FORCES en VIGAS (max abs):
  N (axial)    =  +12.152 kN     (viga #16)
  V2 (shear)   =   -0.488 kN     (viga #11)
  V3 (shear)   =  +43.427 kN     (viga #16)
  T (torsion)  =  +23.637 kN*m   (viga #15)
  M2 (bending) =  +56.922 kN*m   (viga #18)
  M3 (bending) =   -0.390 kN*m   (viga #11)

Plot guardado: mesa_torsion_matlab.png
CSV exportados: mesa_torsion_shell_results.csv, mesa_torsion_frame_results.csv
